EN internal_ram NULL "D:/NUS Course Files/Semester V/EE3207E/Miscellaneous/EE3207E_Project/int_ram.vhd" sub00/vhpl15 1352897021
EN int_rom NULL "D:/NUS Course Files/Semester V/EE3207E/Miscellaneous/EE3207E_Project/int_rom.vhd" sub00/vhpl13 1352897019
AR fastalu fastalu_arch "D:/NUS Course Files/Semester V/EE3207E/Miscellaneous/EE3207E_Project/fastalu.vhd" sub00/vhpl08 1352897014
EN regfile NULL "D:/NUS Course Files/Semester V/EE3207E/Miscellaneous/EE3207E_Project/regfile.vhd" sub00/vhpl09 1352897015
EN sequencer2 NULL "D:/NUS Course Files/Semester V/EE3207E/Miscellaneous/EE3207E_Project/sequencer2.vhd" sub00/vhpl01 1352897011
PH constants NULL "D:/NUS Course Files/Semester V/EE3207E/Miscellaneous/EE3207E_Project/constants.vhd" sub00/vhpl00 1352897006
EN divider NULL "D:/NUS Course Files/Semester V/EE3207E/Miscellaneous/EE3207E_Project/divider.vhd" sub00/vhpl17 1352897023
AR int_rom behavioral "D:/NUS Course Files/Semester V/EE3207E/Miscellaneous/EE3207E_Project/int_rom.vhd" sub00/vhpl14 1352897020
AR ext_interrupt behavioral "D:/NUS Course Files/Semester V/EE3207E/Miscellaneous/EE3207E_Project/ext_interrupt.vhd" sub00/vhpl04 1352897008
EN multiplier NULL "D:/NUS Course Files/Semester V/EE3207E/Miscellaneous/EE3207E_Project/multiplier.vhd" sub00/vhpl11 1352897017
EN int_handler NULL "D:/NUS Course Files/Semester V/EE3207E/Miscellaneous/EE3207E_Project/int_handler.vhd" sub00/vhpl19 1352897025
AR regfile regarch "D:/NUS Course Files/Semester V/EE3207E/Miscellaneous/EE3207E_Project/regfile.vhd" sub00/vhpl10 1352897016
EN i8051_top NULL "D:/NUS Course Files/Semester V/EE3207E/Miscellaneous/EE3207E_Project/8051_top_fpga.vhd" sub00/vhpl21 1352897027
AR sequencer2 seq_arch "D:/NUS Course Files/Semester V/EE3207E/Miscellaneous/EE3207E_Project/sequencer2.vhd" sub00/vhpl02 1352897012
EN ext_interrupt NULL "D:/NUS Course Files/Semester V/EE3207E/Miscellaneous/EE3207E_Project/ext_interrupt.vhd" sub00/vhpl03 1352897007
AR i8051_top behavioral "D:/NUS Course Files/Semester V/EE3207E/Miscellaneous/EE3207E_Project/8051_top_fpga.vhd" sub00/vhpl22 1352897028
AR multiplier rtl "D:/NUS Course Files/Semester V/EE3207E/Miscellaneous/EE3207E_Project/multiplier.vhd" sub00/vhpl12 1352897018
AR internal_ram syn "D:/NUS Course Files/Semester V/EE3207E/Miscellaneous/EE3207E_Project/int_ram.vhd" sub00/vhpl16 1352897022
AR csadder csadderbeh "D:/NUS Course Files/Semester V/EE3207E/Miscellaneous/EE3207E_Project/csadder.vhd" sub00/vhpl06 1352897010
EN fastalu NULL "D:/NUS Course Files/Semester V/EE3207E/Miscellaneous/EE3207E_Project/fastalu.vhd" sub00/vhpl07 1352897013
AR int_handler behavioral "D:/NUS Course Files/Semester V/EE3207E/Miscellaneous/EE3207E_Project/int_handler.vhd" sub00/vhpl20 1352897026
AR divider rtl "D:/NUS Course Files/Semester V/EE3207E/Miscellaneous/EE3207E_Project/divider.vhd" sub00/vhpl18 1352897024
EN csadder NULL "D:/NUS Course Files/Semester V/EE3207E/Miscellaneous/EE3207E_Project/csadder.vhd" sub00/vhpl05 1352897009
